2026-04-30 11:48:41 - INFO - 开始处理
2026-04-30 11:48:41 - INFO - prefix: /media/he/Rbench/similarity/output/method/transition/sympy
2026-04-30 11:48:41 - INFO - cur: sympy.geometry.line.Line.equal-sympy.geometry.line.Line.equals
2026-04-30 11:48:41 - INFO - base_dir: /media/he/Rbench/similarity/output/method/transition/sympy/sympy.geometry.line.Line.equal-sympy.geometry.line.Line.equals
2026-04-30 11:48:41 - INFO - ========================================
2026-04-30 11:48:41 - INFO - 开始处理：experiment=fix_D, algorithm=tokenBased
2026-04-30 11:48:41 - INFO - ========================================
2026-04-30 11:48:41 - INFO - 开始编译 query：algorithm=tokenBased, query=sympy-0.7.6.1
2026-04-30 11:48:41 - INFO - query 编译完成：algorithm=tokenBased, query=sympy-0.7.6.1
2026-04-30 11:48:41 - INFO - 开始处理 candidate 版本：experiment=fix_D, algorithm=tokenBased, candidate=sympy-1.0, query_count=1
2026-04-30 11:48:41 - INFO - 开始 rank 计算：algorithm=tokenBased, query_count=1, candidate_count=306
2026-04-30 11:48:41 - INFO - rank 子进程配置：algorithm=tokenBased, candidate_count=306, max_workers=80, max_tasks_per_child=2
2026-04-30 11:48:43 - INFO - rank 计算完成：algorithm=tokenBased, query_count=1, candidate_count=306
2026-04-30 11:48:43 - INFO - 开始处理 candidate 版本：experiment=fix_D, algorithm=tokenBased, candidate=sympy-1.1, query_count=1
2026-04-30 11:48:43 - INFO - 开始 rank 计算：algorithm=tokenBased, query_count=1, candidate_count=297
2026-04-30 11:48:43 - INFO - rank 子进程配置：algorithm=tokenBased, candidate_count=297, max_workers=80, max_tasks_per_child=2
2026-04-30 11:48:44 - INFO - rank 计算完成：algorithm=tokenBased, query_count=1, candidate_count=297
2026-04-30 11:48:44 - INFO - 开始处理 candidate 版本：experiment=fix_D, algorithm=tokenBased, candidate=sympy-1.1.1, query_count=1
2026-04-30 11:48:44 - INFO - 开始 rank 计算：algorithm=tokenBased, query_count=1, candidate_count=297
2026-04-30 11:48:44 - INFO - rank 子进程配置：algorithm=tokenBased, candidate_count=297, max_workers=80, max_tasks_per_child=2
2026-04-30 11:48:45 - INFO - rank 计算完成：algorithm=tokenBased, query_count=1, candidate_count=297
2026-04-30 11:48:45 - INFO - 开始处理 candidate 版本：experiment=fix_D, algorithm=tokenBased, candidate=sympy-1.10, query_count=1
2026-04-30 11:48:45 - INFO - 开始 rank 计算：algorithm=tokenBased, query_count=1, candidate_count=325
2026-04-30 11:48:45 - INFO - rank 子进程配置：algorithm=tokenBased, candidate_count=325, max_workers=80, max_tasks_per_child=2
2026-04-30 11:48:46 - INFO - rank 计算完成：algorithm=tokenBased, query_count=1, candidate_count=325
2026-04-30 11:48:46 - INFO - 开始处理 candidate 版本：experiment=fix_D, algorithm=tokenBased, candidate=sympy-1.10.1, query_count=1
2026-04-30 11:48:46 - INFO - 开始 rank 计算：algorithm=tokenBased, query_count=1, candidate_count=325
2026-04-30 11:48:46 - INFO - rank 子进程配置：algorithm=tokenBased, candidate_count=325, max_workers=80, max_tasks_per_child=2
2026-04-30 11:48:47 - INFO - rank 计算完成：algorithm=tokenBased, query_count=1, candidate_count=325
2026-04-30 11:48:47 - INFO - 开始处理 candidate 版本：experiment=fix_D, algorithm=tokenBased, candidate=sympy-1.11, query_count=1
2026-04-30 11:48:47 - INFO - 开始 rank 计算：algorithm=tokenBased, query_count=1, candidate_count=325
2026-04-30 11:48:47 - INFO - rank 子进程配置：algorithm=tokenBased, candidate_count=325, max_workers=80, max_tasks_per_child=2
2026-04-30 11:48:49 - INFO - rank 计算完成：algorithm=tokenBased, query_count=1, candidate_count=325
2026-04-30 11:48:49 - INFO - 开始处理 candidate 版本：experiment=fix_D, algorithm=tokenBased, candidate=sympy-1.11.1, query_count=1
2026-04-30 11:48:49 - INFO - 开始 rank 计算：algorithm=tokenBased, query_count=1, candidate_count=325
2026-04-30 11:48:49 - INFO - rank 子进程配置：algorithm=tokenBased, candidate_count=325, max_workers=80, max_tasks_per_child=2
2026-04-30 11:48:50 - INFO - rank 计算完成：algorithm=tokenBased, query_count=1, candidate_count=325
2026-04-30 11:48:50 - INFO - 开始处理 candidate 版本：experiment=fix_D, algorithm=tokenBased, candidate=sympy-1.12, query_count=1
2026-04-30 11:48:50 - INFO - 开始 rank 计算：algorithm=tokenBased, query_count=1, candidate_count=325
2026-04-30 11:48:50 - INFO - rank 子进程配置：algorithm=tokenBased, candidate_count=325, max_workers=80, max_tasks_per_child=2
2026-04-30 11:48:51 - INFO - rank 计算完成：algorithm=tokenBased, query_count=1, candidate_count=325
2026-04-30 11:48:51 - INFO - 开始处理 candidate 版本：experiment=fix_D, algorithm=tokenBased, candidate=sympy-1.12.1, query_count=1
2026-04-30 11:48:51 - INFO - 开始 rank 计算：algorithm=tokenBased, query_count=1, candidate_count=325
2026-04-30 11:48:51 - INFO - rank 子进程配置：algorithm=tokenBased, candidate_count=325, max_workers=80, max_tasks_per_child=2
2026-04-30 11:48:52 - INFO - rank 计算完成：algorithm=tokenBased, query_count=1, candidate_count=325
2026-04-30 11:48:52 - INFO - 开始处理 candidate 版本：experiment=fix_D, algorithm=tokenBased, candidate=sympy-1.13.0, query_count=1
2026-04-30 11:48:52 - INFO - 开始 rank 计算：algorithm=tokenBased, query_count=1, candidate_count=326
2026-04-30 11:48:52 - INFO - rank 子进程配置：algorithm=tokenBased, candidate_count=326, max_workers=80, max_tasks_per_child=2
2026-04-30 11:48:53 - INFO - rank 计算完成：algorithm=tokenBased, query_count=1, candidate_count=326
2026-04-30 11:48:53 - INFO - 开始处理 candidate 版本：experiment=fix_D, algorithm=tokenBased, candidate=sympy-1.13.1, query_count=1
2026-04-30 11:48:53 - INFO - 开始 rank 计算：algorithm=tokenBased, query_count=1, candidate_count=326
2026-04-30 11:48:53 - INFO - rank 子进程配置：algorithm=tokenBased, candidate_count=326, max_workers=80, max_tasks_per_child=2
2026-04-30 11:48:55 - INFO - rank 计算完成：algorithm=tokenBased, query_count=1, candidate_count=326
2026-04-30 11:48:55 - INFO - 开始处理 candidate 版本：experiment=fix_D, algorithm=tokenBased, candidate=sympy-1.13.2, query_count=1
2026-04-30 11:48:55 - INFO - 开始 rank 计算：algorithm=tokenBased, query_count=1, candidate_count=326
2026-04-30 11:48:55 - INFO - rank 子进程配置：algorithm=tokenBased, candidate_count=326, max_workers=80, max_tasks_per_child=2
2026-04-30 11:48:56 - INFO - rank 计算完成：algorithm=tokenBased, query_count=1, candidate_count=326
2026-04-30 11:48:56 - INFO - 开始处理 candidate 版本：experiment=fix_D, algorithm=tokenBased, candidate=sympy-1.13.3, query_count=1
2026-04-30 11:48:56 - INFO - 开始 rank 计算：algorithm=tokenBased, query_count=1, candidate_count=326
2026-04-30 11:48:56 - INFO - rank 子进程配置：algorithm=tokenBased, candidate_count=326, max_workers=80, max_tasks_per_child=2
2026-04-30 11:48:57 - INFO - rank 计算完成：algorithm=tokenBased, query_count=1, candidate_count=326
2026-04-30 11:48:57 - INFO - 开始处理 candidate 版本：experiment=fix_D, algorithm=tokenBased, candidate=sympy-1.2, query_count=1
2026-04-30 11:48:57 - INFO - 开始 rank 计算：algorithm=tokenBased, query_count=1, candidate_count=308
2026-04-30 11:48:57 - INFO - rank 子进程配置：algorithm=tokenBased, candidate_count=308, max_workers=80, max_tasks_per_child=2
2026-04-30 11:48:58 - INFO - rank 计算完成：algorithm=tokenBased, query_count=1, candidate_count=308
2026-04-30 11:48:58 - INFO - 开始处理 candidate 版本：experiment=fix_D, algorithm=tokenBased, candidate=sympy-1.3, query_count=1
2026-04-30 11:48:58 - INFO - 开始 rank 计算：algorithm=tokenBased, query_count=1, candidate_count=308
2026-04-30 11:48:58 - INFO - rank 子进程配置：algorithm=tokenBased, candidate_count=308, max_workers=80, max_tasks_per_child=2
2026-04-30 11:48:59 - INFO - rank 计算完成：algorithm=tokenBased, query_count=1, candidate_count=308
2026-04-30 11:48:59 - INFO - 开始处理 candidate 版本：experiment=fix_D, algorithm=tokenBased, candidate=sympy-1.4, query_count=1
2026-04-30 11:48:59 - INFO - 开始 rank 计算：algorithm=tokenBased, query_count=1, candidate_count=308
2026-04-30 11:48:59 - INFO - rank 子进程配置：algorithm=tokenBased, candidate_count=308, max_workers=80, max_tasks_per_child=2
2026-04-30 11:49:01 - INFO - rank 计算完成：algorithm=tokenBased, query_count=1, candidate_count=308
2026-04-30 11:49:01 - INFO - 开始处理 candidate 版本：experiment=fix_D, algorithm=tokenBased, candidate=sympy-1.5, query_count=1
2026-04-30 11:49:01 - INFO - 开始 rank 计算：algorithm=tokenBased, query_count=1, candidate_count=317
2026-04-30 11:49:01 - INFO - rank 子进程配置：algorithm=tokenBased, candidate_count=317, max_workers=80, max_tasks_per_child=2
2026-04-30 11:49:02 - INFO - rank 计算完成：algorithm=tokenBased, query_count=1, candidate_count=317
2026-04-30 11:49:02 - INFO - 开始处理 candidate 版本：experiment=fix_D, algorithm=tokenBased, candidate=sympy-1.5.1, query_count=1
2026-04-30 11:49:02 - INFO - 开始 rank 计算：algorithm=tokenBased, query_count=1, candidate_count=317
2026-04-30 11:49:02 - INFO - rank 子进程配置：algorithm=tokenBased, candidate_count=317, max_workers=80, max_tasks_per_child=2
2026-04-30 11:49:03 - INFO - rank 计算完成：algorithm=tokenBased, query_count=1, candidate_count=317
2026-04-30 11:49:03 - INFO - 开始处理 candidate 版本：experiment=fix_D, algorithm=tokenBased, candidate=sympy-1.6, query_count=1
2026-04-30 11:49:03 - INFO - 开始 rank 计算：algorithm=tokenBased, query_count=1, candidate_count=322
2026-04-30 11:49:03 - INFO - rank 子进程配置：algorithm=tokenBased, candidate_count=322, max_workers=80, max_tasks_per_child=2
2026-04-30 11:49:04 - INFO - rank 计算完成：algorithm=tokenBased, query_count=1, candidate_count=322
2026-04-30 11:49:04 - INFO - 开始处理 candidate 版本：experiment=fix_D, algorithm=tokenBased, candidate=sympy-1.6.1, query_count=1
2026-04-30 11:49:04 - INFO - 开始 rank 计算：algorithm=tokenBased, query_count=1, candidate_count=322
2026-04-30 11:49:04 - INFO - rank 子进程配置：algorithm=tokenBased, candidate_count=322, max_workers=80, max_tasks_per_child=2
2026-04-30 11:49:05 - INFO - rank 计算完成：algorithm=tokenBased, query_count=1, candidate_count=322
2026-04-30 11:49:05 - INFO - 开始处理 candidate 版本：experiment=fix_D, algorithm=tokenBased, candidate=sympy-1.6.2, query_count=1
2026-04-30 11:49:05 - INFO - 开始 rank 计算：algorithm=tokenBased, query_count=1, candidate_count=322
2026-04-30 11:49:05 - INFO - rank 子进程配置：algorithm=tokenBased, candidate_count=322, max_workers=80, max_tasks_per_child=2
2026-04-30 11:49:07 - INFO - rank 计算完成：algorithm=tokenBased, query_count=1, candidate_count=322
2026-04-30 11:49:07 - INFO - 开始处理 candidate 版本：experiment=fix_D, algorithm=tokenBased, candidate=sympy-1.7, query_count=1
2026-04-30 11:49:07 - INFO - 开始 rank 计算：algorithm=tokenBased, query_count=1, candidate_count=322
2026-04-30 11:49:07 - INFO - rank 子进程配置：algorithm=tokenBased, candidate_count=322, max_workers=80, max_tasks_per_child=2
2026-04-30 11:49:08 - INFO - rank 计算完成：algorithm=tokenBased, query_count=1, candidate_count=322
2026-04-30 11:49:08 - INFO - 开始处理 candidate 版本：experiment=fix_D, algorithm=tokenBased, candidate=sympy-1.7.1, query_count=1
2026-04-30 11:49:08 - INFO - 开始 rank 计算：algorithm=tokenBased, query_count=1, candidate_count=322
2026-04-30 11:49:08 - INFO - rank 子进程配置：algorithm=tokenBased, candidate_count=322, max_workers=80, max_tasks_per_child=2
2026-04-30 11:49:09 - INFO - rank 计算完成：algorithm=tokenBased, query_count=1, candidate_count=322
2026-04-30 11:49:09 - INFO - 开始处理 candidate 版本：experiment=fix_D, algorithm=tokenBased, candidate=sympy-1.8, query_count=1
2026-04-30 11:49:09 - INFO - 开始 rank 计算：algorithm=tokenBased, query_count=1, candidate_count=322
2026-04-30 11:49:09 - INFO - rank 子进程配置：algorithm=tokenBased, candidate_count=322, max_workers=80, max_tasks_per_child=2
2026-04-30 11:49:10 - INFO - rank 计算完成：algorithm=tokenBased, query_count=1, candidate_count=322
2026-04-30 11:49:10 - INFO - 开始处理 candidate 版本：experiment=fix_D, algorithm=tokenBased, candidate=sympy-1.9, query_count=1
2026-04-30 11:49:10 - INFO - 开始 rank 计算：algorithm=tokenBased, query_count=1, candidate_count=322
2026-04-30 11:49:10 - INFO - rank 子进程配置：algorithm=tokenBased, candidate_count=322, max_workers=80, max_tasks_per_child=2
2026-04-30 11:49:11 - INFO - rank 计算完成：algorithm=tokenBased, query_count=1, candidate_count=322
2026-04-30 11:49:11 - INFO - ========================================
2026-04-30 11:49:11 - INFO - 开始处理：experiment=fix_D, algorithm=treeBased
2026-04-30 11:49:11 - INFO - ========================================
2026-04-30 11:49:11 - INFO - 开始编译 query：algorithm=treeBased, query=sympy-0.7.6.1
2026-04-30 11:49:11 - INFO - query 编译完成：algorithm=treeBased, query=sympy-0.7.6.1
2026-04-30 11:49:11 - INFO - 开始处理 candidate 版本：experiment=fix_D, algorithm=treeBased, candidate=sympy-1.0, query_count=1
2026-04-30 11:49:11 - INFO - 开始 rank 计算：algorithm=treeBased, query_count=1, candidate_count=306
2026-04-30 11:49:11 - INFO - rank 子进程配置：algorithm=treeBased, candidate_count=306, max_workers=80, max_tasks_per_child=2
2026-04-30 11:49:14 - INFO - rank 计算完成：algorithm=treeBased, query_count=1, candidate_count=306
2026-04-30 11:49:14 - INFO - 开始处理 candidate 版本：experiment=fix_D, algorithm=treeBased, candidate=sympy-1.1, query_count=1
2026-04-30 11:49:14 - INFO - 开始 rank 计算：algorithm=treeBased, query_count=1, candidate_count=297
2026-04-30 11:49:14 - INFO - rank 子进程配置：algorithm=treeBased, candidate_count=297, max_workers=80, max_tasks_per_child=2
2026-04-30 11:49:17 - INFO - rank 计算完成：algorithm=treeBased, query_count=1, candidate_count=297
2026-04-30 11:49:17 - INFO - 开始处理 candidate 版本：experiment=fix_D, algorithm=treeBased, candidate=sympy-1.1.1, query_count=1
2026-04-30 11:49:17 - INFO - 开始 rank 计算：algorithm=treeBased, query_count=1, candidate_count=297
2026-04-30 11:49:17 - INFO - rank 子进程配置：algorithm=treeBased, candidate_count=297, max_workers=80, max_tasks_per_child=2
2026-04-30 11:49:19 - INFO - rank 计算完成：algorithm=treeBased, query_count=1, candidate_count=297
2026-04-30 11:49:20 - INFO - 开始处理 candidate 版本：experiment=fix_D, algorithm=treeBased, candidate=sympy-1.10, query_count=1
2026-04-30 11:49:20 - INFO - 开始 rank 计算：algorithm=treeBased, query_count=1, candidate_count=325
2026-04-30 11:49:20 - INFO - rank 子进程配置：algorithm=treeBased, candidate_count=325, max_workers=80, max_tasks_per_child=2
2026-04-30 11:49:22 - INFO - rank 计算完成：algorithm=treeBased, query_count=1, candidate_count=325
2026-04-30 11:49:22 - INFO - 开始处理 candidate 版本：experiment=fix_D, algorithm=treeBased, candidate=sympy-1.10.1, query_count=1
2026-04-30 11:49:22 - INFO - 开始 rank 计算：algorithm=treeBased, query_count=1, candidate_count=325
2026-04-30 11:49:22 - INFO - rank 子进程配置：algorithm=treeBased, candidate_count=325, max_workers=80, max_tasks_per_child=2
2026-04-30 11:49:25 - INFO - rank 计算完成：algorithm=treeBased, query_count=1, candidate_count=325
2026-04-30 11:49:25 - INFO - 开始处理 candidate 版本：experiment=fix_D, algorithm=treeBased, candidate=sympy-1.11, query_count=1
2026-04-30 11:49:25 - INFO - 开始 rank 计算：algorithm=treeBased, query_count=1, candidate_count=325
2026-04-30 11:49:25 - INFO - rank 子进程配置：algorithm=treeBased, candidate_count=325, max_workers=80, max_tasks_per_child=2
2026-04-30 11:49:28 - INFO - rank 计算完成：algorithm=treeBased, query_count=1, candidate_count=325
2026-04-30 11:49:28 - INFO - 开始处理 candidate 版本：experiment=fix_D, algorithm=treeBased, candidate=sympy-1.11.1, query_count=1
2026-04-30 11:49:28 - INFO - 开始 rank 计算：algorithm=treeBased, query_count=1, candidate_count=325
2026-04-30 11:49:28 - INFO - rank 子进程配置：algorithm=treeBased, candidate_count=325, max_workers=80, max_tasks_per_child=2
2026-04-30 11:49:30 - INFO - rank 计算完成：algorithm=treeBased, query_count=1, candidate_count=325
2026-04-30 11:49:30 - INFO - 开始处理 candidate 版本：experiment=fix_D, algorithm=treeBased, candidate=sympy-1.12, query_count=1
2026-04-30 11:49:30 - INFO - 开始 rank 计算：algorithm=treeBased, query_count=1, candidate_count=325
2026-04-30 11:49:30 - INFO - rank 子进程配置：algorithm=treeBased, candidate_count=325, max_workers=80, max_tasks_per_child=2
2026-04-30 11:49:33 - INFO - rank 计算完成：algorithm=treeBased, query_count=1, candidate_count=325
2026-04-30 11:49:33 - INFO - 开始处理 candidate 版本：experiment=fix_D, algorithm=treeBased, candidate=sympy-1.12.1, query_count=1
2026-04-30 11:49:33 - INFO - 开始 rank 计算：algorithm=treeBased, query_count=1, candidate_count=325
2026-04-30 11:49:33 - INFO - rank 子进程配置：algorithm=treeBased, candidate_count=325, max_workers=80, max_tasks_per_child=2
2026-04-30 11:49:36 - INFO - rank 计算完成：algorithm=treeBased, query_count=1, candidate_count=325
2026-04-30 11:49:36 - INFO - 开始处理 candidate 版本：experiment=fix_D, algorithm=treeBased, candidate=sympy-1.13.0, query_count=1
2026-04-30 11:49:36 - INFO - 开始 rank 计算：algorithm=treeBased, query_count=1, candidate_count=326
2026-04-30 11:49:36 - INFO - rank 子进程配置：algorithm=treeBased, candidate_count=326, max_workers=80, max_tasks_per_child=2
2026-04-30 11:49:39 - INFO - rank 计算完成：algorithm=treeBased, query_count=1, candidate_count=326
2026-04-30 11:49:39 - INFO - 开始处理 candidate 版本：experiment=fix_D, algorithm=treeBased, candidate=sympy-1.13.1, query_count=1
2026-04-30 11:49:39 - INFO - 开始 rank 计算：algorithm=treeBased, query_count=1, candidate_count=326
2026-04-30 11:49:39 - INFO - rank 子进程配置：algorithm=treeBased, candidate_count=326, max_workers=80, max_tasks_per_child=2
2026-04-30 11:49:42 - INFO - rank 计算完成：algorithm=treeBased, query_count=1, candidate_count=326
2026-04-30 11:49:42 - INFO - 开始处理 candidate 版本：experiment=fix_D, algorithm=treeBased, candidate=sympy-1.13.2, query_count=1
2026-04-30 11:49:42 - INFO - 开始 rank 计算：algorithm=treeBased, query_count=1, candidate_count=326
2026-04-30 11:49:42 - INFO - rank 子进程配置：algorithm=treeBased, candidate_count=326, max_workers=80, max_tasks_per_child=2
2026-04-30 11:49:44 - INFO - rank 计算完成：algorithm=treeBased, query_count=1, candidate_count=326
2026-04-30 11:49:44 - INFO - 开始处理 candidate 版本：experiment=fix_D, algorithm=treeBased, candidate=sympy-1.13.3, query_count=1
2026-04-30 11:49:44 - INFO - 开始 rank 计算：algorithm=treeBased, query_count=1, candidate_count=326
2026-04-30 11:49:44 - INFO - rank 子进程配置：algorithm=treeBased, candidate_count=326, max_workers=80, max_tasks_per_child=2
2026-04-30 11:49:47 - INFO - rank 计算完成：algorithm=treeBased, query_count=1, candidate_count=326
2026-04-30 11:49:47 - INFO - 开始处理 candidate 版本：experiment=fix_D, algorithm=treeBased, candidate=sympy-1.2, query_count=1
2026-04-30 11:49:47 - INFO - 开始 rank 计算：algorithm=treeBased, query_count=1, candidate_count=308
2026-04-30 11:49:47 - INFO - rank 子进程配置：algorithm=treeBased, candidate_count=308, max_workers=80, max_tasks_per_child=2
2026-04-30 11:49:50 - INFO - rank 计算完成：algorithm=treeBased, query_count=1, candidate_count=308
2026-04-30 11:49:50 - INFO - 开始处理 candidate 版本：experiment=fix_D, algorithm=treeBased, candidate=sympy-1.3, query_count=1
2026-04-30 11:49:50 - INFO - 开始 rank 计算：algorithm=treeBased, query_count=1, candidate_count=308
2026-04-30 11:49:50 - INFO - rank 子进程配置：algorithm=treeBased, candidate_count=308, max_workers=80, max_tasks_per_child=2
2026-04-30 11:49:52 - INFO - rank 计算完成：algorithm=treeBased, query_count=1, candidate_count=308
2026-04-30 11:49:52 - INFO - 开始处理 candidate 版本：experiment=fix_D, algorithm=treeBased, candidate=sympy-1.4, query_count=1
2026-04-30 11:49:52 - INFO - 开始 rank 计算：algorithm=treeBased, query_count=1, candidate_count=308
2026-04-30 11:49:52 - INFO - rank 子进程配置：algorithm=treeBased, candidate_count=308, max_workers=80, max_tasks_per_child=2
2026-04-30 11:49:55 - INFO - rank 计算完成：algorithm=treeBased, query_count=1, candidate_count=308
2026-04-30 11:49:55 - INFO - 开始处理 candidate 版本：experiment=fix_D, algorithm=treeBased, candidate=sympy-1.5, query_count=1
2026-04-30 11:49:55 - INFO - 开始 rank 计算：algorithm=treeBased, query_count=1, candidate_count=317
2026-04-30 11:49:55 - INFO - rank 子进程配置：algorithm=treeBased, candidate_count=317, max_workers=80, max_tasks_per_child=2
2026-04-30 11:49:58 - INFO - rank 计算完成：algorithm=treeBased, query_count=1, candidate_count=317
2026-04-30 11:49:58 - INFO - 开始处理 candidate 版本：experiment=fix_D, algorithm=treeBased, candidate=sympy-1.5.1, query_count=1
2026-04-30 11:49:58 - INFO - 开始 rank 计算：algorithm=treeBased, query_count=1, candidate_count=317
2026-04-30 11:49:58 - INFO - rank 子进程配置：algorithm=treeBased, candidate_count=317, max_workers=80, max_tasks_per_child=2
2026-04-30 11:50:00 - INFO - rank 计算完成：algorithm=treeBased, query_count=1, candidate_count=317
2026-04-30 11:50:00 - INFO - 开始处理 candidate 版本：experiment=fix_D, algorithm=treeBased, candidate=sympy-1.6, query_count=1
2026-04-30 11:50:00 - INFO - 开始 rank 计算：algorithm=treeBased, query_count=1, candidate_count=322
2026-04-30 11:50:00 - INFO - rank 子进程配置：algorithm=treeBased, candidate_count=322, max_workers=80, max_tasks_per_child=2
2026-04-30 11:50:03 - INFO - rank 计算完成：algorithm=treeBased, query_count=1, candidate_count=322
2026-04-30 11:50:03 - INFO - 开始处理 candidate 版本：experiment=fix_D, algorithm=treeBased, candidate=sympy-1.6.1, query_count=1
2026-04-30 11:50:03 - INFO - 开始 rank 计算：algorithm=treeBased, query_count=1, candidate_count=322
2026-04-30 11:50:03 - INFO - rank 子进程配置：algorithm=treeBased, candidate_count=322, max_workers=80, max_tasks_per_child=2
2026-04-30 11:50:06 - INFO - rank 计算完成：algorithm=treeBased, query_count=1, candidate_count=322
2026-04-30 11:50:06 - INFO - 开始处理 candidate 版本：experiment=fix_D, algorithm=treeBased, candidate=sympy-1.6.2, query_count=1
2026-04-30 11:50:06 - INFO - 开始 rank 计算：algorithm=treeBased, query_count=1, candidate_count=322
2026-04-30 11:50:06 - INFO - rank 子进程配置：algorithm=treeBased, candidate_count=322, max_workers=80, max_tasks_per_child=2
2026-04-30 11:50:08 - INFO - rank 计算完成：algorithm=treeBased, query_count=1, candidate_count=322
2026-04-30 11:50:08 - INFO - 开始处理 candidate 版本：experiment=fix_D, algorithm=treeBased, candidate=sympy-1.7, query_count=1
2026-04-30 11:50:08 - INFO - 开始 rank 计算：algorithm=treeBased, query_count=1, candidate_count=322
2026-04-30 11:50:08 - INFO - rank 子进程配置：algorithm=treeBased, candidate_count=322, max_workers=80, max_tasks_per_child=2
2026-04-30 11:50:11 - INFO - rank 计算完成：algorithm=treeBased, query_count=1, candidate_count=322
2026-04-30 11:50:11 - INFO - 开始处理 candidate 版本：experiment=fix_D, algorithm=treeBased, candidate=sympy-1.7.1, query_count=1
2026-04-30 11:50:11 - INFO - 开始 rank 计算：algorithm=treeBased, query_count=1, candidate_count=322
2026-04-30 11:50:11 - INFO - rank 子进程配置：algorithm=treeBased, candidate_count=322, max_workers=80, max_tasks_per_child=2
2026-04-30 11:50:14 - INFO - rank 计算完成：algorithm=treeBased, query_count=1, candidate_count=322
2026-04-30 11:50:14 - INFO - 开始处理 candidate 版本：experiment=fix_D, algorithm=treeBased, candidate=sympy-1.8, query_count=1
2026-04-30 11:50:14 - INFO - 开始 rank 计算：algorithm=treeBased, query_count=1, candidate_count=322
2026-04-30 11:50:14 - INFO - rank 子进程配置：algorithm=treeBased, candidate_count=322, max_workers=80, max_tasks_per_child=2
2026-04-30 11:50:16 - INFO - rank 计算完成：algorithm=treeBased, query_count=1, candidate_count=322
2026-04-30 11:50:16 - INFO - 开始处理 candidate 版本：experiment=fix_D, algorithm=treeBased, candidate=sympy-1.9, query_count=1
2026-04-30 11:50:16 - INFO - 开始 rank 计算：algorithm=treeBased, query_count=1, candidate_count=322
2026-04-30 11:50:16 - INFO - rank 子进程配置：algorithm=treeBased, candidate_count=322, max_workers=80, max_tasks_per_child=2
2026-04-30 11:50:19 - INFO - rank 计算完成：algorithm=treeBased, query_count=1, candidate_count=322
2026-04-30 11:50:19 - INFO - ========================================
2026-04-30 11:50:19 - INFO - 开始处理：experiment=fix_D, algorithm=mapBased
2026-04-30 11:50:19 - INFO - ========================================
2026-04-30 11:50:19 - INFO - 开始编译 query：algorithm=mapBased, query=sympy-0.7.6.1
2026-04-30 11:50:19 - INFO - query 编译完成：algorithm=mapBased, query=sympy-0.7.6.1
2026-04-30 11:50:19 - INFO - 开始处理 candidate 版本：experiment=fix_D, algorithm=mapBased, candidate=sympy-1.0, query_count=1
2026-04-30 11:50:19 - INFO - 开始 rank 计算：algorithm=mapBased, query_count=1, candidate_count=306
2026-04-30 11:50:19 - INFO - rank 子进程配置：algorithm=mapBased, candidate_count=306, max_workers=80, max_tasks_per_child=2
2026-04-30 11:50:20 - INFO - rank 计算完成：algorithm=mapBased, query_count=1, candidate_count=306
2026-04-30 11:50:20 - INFO - 开始处理 candidate 版本：experiment=fix_D, algorithm=mapBased, candidate=sympy-1.1, query_count=1
2026-04-30 11:50:20 - INFO - 开始 rank 计算：algorithm=mapBased, query_count=1, candidate_count=297
2026-04-30 11:50:20 - INFO - rank 子进程配置：algorithm=mapBased, candidate_count=297, max_workers=80, max_tasks_per_child=2
2026-04-30 11:50:22 - INFO - rank 计算完成：algorithm=mapBased, query_count=1, candidate_count=297
2026-04-30 11:50:22 - INFO - 开始处理 candidate 版本：experiment=fix_D, algorithm=mapBased, candidate=sympy-1.1.1, query_count=1
2026-04-30 11:50:22 - INFO - 开始 rank 计算：algorithm=mapBased, query_count=1, candidate_count=297
2026-04-30 11:50:22 - INFO - rank 子进程配置：algorithm=mapBased, candidate_count=297, max_workers=80, max_tasks_per_child=2
2026-04-30 11:50:23 - INFO - rank 计算完成：algorithm=mapBased, query_count=1, candidate_count=297
2026-04-30 11:50:23 - INFO - 开始处理 candidate 版本：experiment=fix_D, algorithm=mapBased, candidate=sympy-1.10, query_count=1
2026-04-30 11:50:23 - INFO - 开始 rank 计算：algorithm=mapBased, query_count=1, candidate_count=325
2026-04-30 11:50:23 - INFO - rank 子进程配置：algorithm=mapBased, candidate_count=325, max_workers=80, max_tasks_per_child=2
2026-04-30 11:50:24 - INFO - rank 计算完成：algorithm=mapBased, query_count=1, candidate_count=325
2026-04-30 11:50:24 - INFO - 开始处理 candidate 版本：experiment=fix_D, algorithm=mapBased, candidate=sympy-1.10.1, query_count=1
2026-04-30 11:50:24 - INFO - 开始 rank 计算：algorithm=mapBased, query_count=1, candidate_count=325
2026-04-30 11:50:24 - INFO - rank 子进程配置：algorithm=mapBased, candidate_count=325, max_workers=80, max_tasks_per_child=2
2026-04-30 11:50:25 - INFO - rank 计算完成：algorithm=mapBased, query_count=1, candidate_count=325
2026-04-30 11:50:25 - INFO - 开始处理 candidate 版本：experiment=fix_D, algorithm=mapBased, candidate=sympy-1.11, query_count=1
2026-04-30 11:50:25 - INFO - 开始 rank 计算：algorithm=mapBased, query_count=1, candidate_count=325
2026-04-30 11:50:25 - INFO - rank 子进程配置：algorithm=mapBased, candidate_count=325, max_workers=80, max_tasks_per_child=2
2026-04-30 11:50:26 - INFO - rank 计算完成：algorithm=mapBased, query_count=1, candidate_count=325
2026-04-30 11:50:26 - INFO - 开始处理 candidate 版本：experiment=fix_D, algorithm=mapBased, candidate=sympy-1.11.1, query_count=1
2026-04-30 11:50:26 - INFO - 开始 rank 计算：algorithm=mapBased, query_count=1, candidate_count=325
2026-04-30 11:50:26 - INFO - rank 子进程配置：algorithm=mapBased, candidate_count=325, max_workers=80, max_tasks_per_child=2
2026-04-30 11:50:28 - INFO - rank 计算完成：algorithm=mapBased, query_count=1, candidate_count=325
2026-04-30 11:50:28 - INFO - 开始处理 candidate 版本：experiment=fix_D, algorithm=mapBased, candidate=sympy-1.12, query_count=1
2026-04-30 11:50:28 - INFO - 开始 rank 计算：algorithm=mapBased, query_count=1, candidate_count=325
2026-04-30 11:50:28 - INFO - rank 子进程配置：algorithm=mapBased, candidate_count=325, max_workers=80, max_tasks_per_child=2
2026-04-30 11:50:29 - INFO - rank 计算完成：algorithm=mapBased, query_count=1, candidate_count=325
2026-04-30 11:50:29 - INFO - 开始处理 candidate 版本：experiment=fix_D, algorithm=mapBased, candidate=sympy-1.12.1, query_count=1
2026-04-30 11:50:29 - INFO - 开始 rank 计算：algorithm=mapBased, query_count=1, candidate_count=325
2026-04-30 11:50:29 - INFO - rank 子进程配置：algorithm=mapBased, candidate_count=325, max_workers=80, max_tasks_per_child=2
2026-04-30 11:50:30 - INFO - rank 计算完成：algorithm=mapBased, query_count=1, candidate_count=325
2026-04-30 11:50:30 - INFO - 开始处理 candidate 版本：experiment=fix_D, algorithm=mapBased, candidate=sympy-1.13.0, query_count=1
2026-04-30 11:50:30 - INFO - 开始 rank 计算：algorithm=mapBased, query_count=1, candidate_count=326
2026-04-30 11:50:30 - INFO - rank 子进程配置：algorithm=mapBased, candidate_count=326, max_workers=80, max_tasks_per_child=2
2026-04-30 11:50:31 - INFO - rank 计算完成：algorithm=mapBased, query_count=1, candidate_count=326
2026-04-30 11:50:31 - INFO - 开始处理 candidate 版本：experiment=fix_D, algorithm=mapBased, candidate=sympy-1.13.1, query_count=1
2026-04-30 11:50:31 - INFO - 开始 rank 计算：algorithm=mapBased, query_count=1, candidate_count=326
2026-04-30 11:50:31 - INFO - rank 子进程配置：algorithm=mapBased, candidate_count=326, max_workers=80, max_tasks_per_child=2
2026-04-30 11:50:32 - INFO - rank 计算完成：algorithm=mapBased, query_count=1, candidate_count=326
2026-04-30 11:50:32 - INFO - 开始处理 candidate 版本：experiment=fix_D, algorithm=mapBased, candidate=sympy-1.13.2, query_count=1
2026-04-30 11:50:32 - INFO - 开始 rank 计算：algorithm=mapBased, query_count=1, candidate_count=326
2026-04-30 11:50:32 - INFO - rank 子进程配置：algorithm=mapBased, candidate_count=326, max_workers=80, max_tasks_per_child=2
2026-04-30 11:50:34 - INFO - rank 计算完成：algorithm=mapBased, query_count=1, candidate_count=326
2026-04-30 11:50:34 - INFO - 开始处理 candidate 版本：experiment=fix_D, algorithm=mapBased, candidate=sympy-1.13.3, query_count=1
2026-04-30 11:50:34 - INFO - 开始 rank 计算：algorithm=mapBased, query_count=1, candidate_count=326
2026-04-30 11:50:34 - INFO - rank 子进程配置：algorithm=mapBased, candidate_count=326, max_workers=80, max_tasks_per_child=2
2026-04-30 11:50:35 - INFO - rank 计算完成：algorithm=mapBased, query_count=1, candidate_count=326
2026-04-30 11:50:35 - INFO - 开始处理 candidate 版本：experiment=fix_D, algorithm=mapBased, candidate=sympy-1.2, query_count=1
2026-04-30 11:50:35 - INFO - 开始 rank 计算：algorithm=mapBased, query_count=1, candidate_count=308
2026-04-30 11:50:35 - INFO - rank 子进程配置：algorithm=mapBased, candidate_count=308, max_workers=80, max_tasks_per_child=2
2026-04-30 11:50:36 - INFO - rank 计算完成：algorithm=mapBased, query_count=1, candidate_count=308
2026-04-30 11:50:36 - INFO - 开始处理 candidate 版本：experiment=fix_D, algorithm=mapBased, candidate=sympy-1.3, query_count=1
2026-04-30 11:50:36 - INFO - 开始 rank 计算：algorithm=mapBased, query_count=1, candidate_count=308
2026-04-30 11:50:36 - INFO - rank 子进程配置：algorithm=mapBased, candidate_count=308, max_workers=80, max_tasks_per_child=2
2026-04-30 11:50:37 - INFO - rank 计算完成：algorithm=mapBased, query_count=1, candidate_count=308
2026-04-30 11:50:37 - INFO - 开始处理 candidate 版本：experiment=fix_D, algorithm=mapBased, candidate=sympy-1.4, query_count=1
2026-04-30 11:50:37 - INFO - 开始 rank 计算：algorithm=mapBased, query_count=1, candidate_count=308
2026-04-30 11:50:37 - INFO - rank 子进程配置：algorithm=mapBased, candidate_count=308, max_workers=80, max_tasks_per_child=2
2026-04-30 11:50:38 - INFO - rank 计算完成：algorithm=mapBased, query_count=1, candidate_count=308
2026-04-30 11:50:38 - INFO - 开始处理 candidate 版本：experiment=fix_D, algorithm=mapBased, candidate=sympy-1.5, query_count=1
2026-04-30 11:50:38 - INFO - 开始 rank 计算：algorithm=mapBased, query_count=1, candidate_count=317
2026-04-30 11:50:38 - INFO - rank 子进程配置：algorithm=mapBased, candidate_count=317, max_workers=80, max_tasks_per_child=2
2026-04-30 11:50:40 - INFO - rank 计算完成：algorithm=mapBased, query_count=1, candidate_count=317
2026-04-30 11:50:40 - INFO - 开始处理 candidate 版本：experiment=fix_D, algorithm=mapBased, candidate=sympy-1.5.1, query_count=1
2026-04-30 11:50:40 - INFO - 开始 rank 计算：algorithm=mapBased, query_count=1, candidate_count=317
2026-04-30 11:50:40 - INFO - rank 子进程配置：algorithm=mapBased, candidate_count=317, max_workers=80, max_tasks_per_child=2
2026-04-30 11:50:41 - INFO - rank 计算完成：algorithm=mapBased, query_count=1, candidate_count=317
2026-04-30 11:50:41 - INFO - 开始处理 candidate 版本：experiment=fix_D, algorithm=mapBased, candidate=sympy-1.6, query_count=1
2026-04-30 11:50:41 - INFO - 开始 rank 计算：algorithm=mapBased, query_count=1, candidate_count=322
2026-04-30 11:50:41 - INFO - rank 子进程配置：algorithm=mapBased, candidate_count=322, max_workers=80, max_tasks_per_child=2
2026-04-30 11:50:42 - INFO - rank 计算完成：algorithm=mapBased, query_count=1, candidate_count=322
2026-04-30 11:50:42 - INFO - 开始处理 candidate 版本：experiment=fix_D, algorithm=mapBased, candidate=sympy-1.6.1, query_count=1
2026-04-30 11:50:42 - INFO - 开始 rank 计算：algorithm=mapBased, query_count=1, candidate_count=322
2026-04-30 11:50:42 - INFO - rank 子进程配置：algorithm=mapBased, candidate_count=322, max_workers=80, max_tasks_per_child=2
2026-04-30 11:50:43 - INFO - rank 计算完成：algorithm=mapBased, query_count=1, candidate_count=322
2026-04-30 11:50:43 - INFO - 开始处理 candidate 版本：experiment=fix_D, algorithm=mapBased, candidate=sympy-1.6.2, query_count=1
2026-04-30 11:50:43 - INFO - 开始 rank 计算：algorithm=mapBased, query_count=1, candidate_count=322
2026-04-30 11:50:43 - INFO - rank 子进程配置：algorithm=mapBased, candidate_count=322, max_workers=80, max_tasks_per_child=2
2026-04-30 11:50:44 - INFO - rank 计算完成：algorithm=mapBased, query_count=1, candidate_count=322
2026-04-30 11:50:44 - INFO - 开始处理 candidate 版本：experiment=fix_D, algorithm=mapBased, candidate=sympy-1.7, query_count=1
2026-04-30 11:50:44 - INFO - 开始 rank 计算：algorithm=mapBased, query_count=1, candidate_count=322
2026-04-30 11:50:44 - INFO - rank 子进程配置：algorithm=mapBased, candidate_count=322, max_workers=80, max_tasks_per_child=2
2026-04-30 11:50:45 - INFO - rank 计算完成：algorithm=mapBased, query_count=1, candidate_count=322
2026-04-30 11:50:45 - INFO - 开始处理 candidate 版本：experiment=fix_D, algorithm=mapBased, candidate=sympy-1.7.1, query_count=1
2026-04-30 11:50:45 - INFO - 开始 rank 计算：algorithm=mapBased, query_count=1, candidate_count=322
2026-04-30 11:50:45 - INFO - rank 子进程配置：algorithm=mapBased, candidate_count=322, max_workers=80, max_tasks_per_child=2
2026-04-30 11:50:47 - INFO - rank 计算完成：algorithm=mapBased, query_count=1, candidate_count=322
2026-04-30 11:50:47 - INFO - 开始处理 candidate 版本：experiment=fix_D, algorithm=mapBased, candidate=sympy-1.8, query_count=1
2026-04-30 11:50:47 - INFO - 开始 rank 计算：algorithm=mapBased, query_count=1, candidate_count=322
2026-04-30 11:50:47 - INFO - rank 子进程配置：algorithm=mapBased, candidate_count=322, max_workers=80, max_tasks_per_child=2
2026-04-30 11:50:48 - INFO - rank 计算完成：algorithm=mapBased, query_count=1, candidate_count=322
2026-04-30 11:50:48 - INFO - 开始处理 candidate 版本：experiment=fix_D, algorithm=mapBased, candidate=sympy-1.9, query_count=1
2026-04-30 11:50:48 - INFO - 开始 rank 计算：algorithm=mapBased, query_count=1, candidate_count=322
2026-04-30 11:50:48 - INFO - rank 子进程配置：algorithm=mapBased, candidate_count=322, max_workers=80, max_tasks_per_child=2
2026-04-30 11:50:49 - INFO - rank 计算完成：algorithm=mapBased, query_count=1, candidate_count=322
2026-04-30 11:50:49 - INFO - ========================================
2026-04-30 11:50:49 - INFO - 开始处理：experiment=fix_D_t, algorithm=tokenBased
2026-04-30 11:50:49 - INFO - ========================================
2026-04-30 11:50:49 - INFO - 开始编译 query：algorithm=tokenBased, query=sympy-1.9
2026-04-30 11:50:49 - INFO - query 编译完成：algorithm=tokenBased, query=sympy-1.9
2026-04-30 11:50:49 - INFO - 开始处理 candidate 版本：experiment=fix_D_t, algorithm=tokenBased, candidate=sympy-1.9, query_count=1
2026-04-30 11:50:49 - INFO - 开始 rank 计算：algorithm=tokenBased, query_count=1, candidate_count=322
2026-04-30 11:50:49 - INFO - rank 子进程配置：algorithm=tokenBased, candidate_count=322, max_workers=80, max_tasks_per_child=2
2026-04-30 11:50:50 - INFO - rank 计算完成：algorithm=tokenBased, query_count=1, candidate_count=322
2026-04-30 11:50:50 - INFO - 开始处理 candidate 版本：experiment=fix_D_t, algorithm=tokenBased, candidate=sympy-1.10, query_count=1
2026-04-30 11:50:50 - INFO - 开始 rank 计算：algorithm=tokenBased, query_count=1, candidate_count=325
2026-04-30 11:50:50 - INFO - rank 子进程配置：algorithm=tokenBased, candidate_count=325, max_workers=80, max_tasks_per_child=2
2026-04-30 11:50:51 - INFO - rank 计算完成：algorithm=tokenBased, query_count=1, candidate_count=325
2026-04-30 11:50:51 - INFO - 开始处理 candidate 版本：experiment=fix_D_t, algorithm=tokenBased, candidate=sympy-1.10.1, query_count=1
2026-04-30 11:50:51 - INFO - 开始 rank 计算：algorithm=tokenBased, query_count=1, candidate_count=325
2026-04-30 11:50:51 - INFO - rank 子进程配置：algorithm=tokenBased, candidate_count=325, max_workers=80, max_tasks_per_child=2
2026-04-30 11:50:53 - INFO - rank 计算完成：algorithm=tokenBased, query_count=1, candidate_count=325
2026-04-30 11:50:53 - INFO - 开始处理 candidate 版本：experiment=fix_D_t, algorithm=tokenBased, candidate=sympy-1.11, query_count=1
2026-04-30 11:50:53 - INFO - 开始 rank 计算：algorithm=tokenBased, query_count=1, candidate_count=325
2026-04-30 11:50:53 - INFO - rank 子进程配置：algorithm=tokenBased, candidate_count=325, max_workers=80, max_tasks_per_child=2
2026-04-30 11:50:54 - INFO - rank 计算完成：algorithm=tokenBased, query_count=1, candidate_count=325
2026-04-30 11:50:54 - INFO - 开始处理 candidate 版本：experiment=fix_D_t, algorithm=tokenBased, candidate=sympy-1.11.1, query_count=1
2026-04-30 11:50:54 - INFO - 开始 rank 计算：algorithm=tokenBased, query_count=1, candidate_count=325
2026-04-30 11:50:54 - INFO - rank 子进程配置：algorithm=tokenBased, candidate_count=325, max_workers=80, max_tasks_per_child=2
2026-04-30 11:50:55 - INFO - rank 计算完成：algorithm=tokenBased, query_count=1, candidate_count=325
2026-04-30 11:50:55 - INFO - 开始处理 candidate 版本：experiment=fix_D_t, algorithm=tokenBased, candidate=sympy-1.12, query_count=1
2026-04-30 11:50:55 - INFO - 开始 rank 计算：algorithm=tokenBased, query_count=1, candidate_count=325
2026-04-30 11:50:55 - INFO - rank 子进程配置：algorithm=tokenBased, candidate_count=325, max_workers=80, max_tasks_per_child=2
2026-04-30 11:50:56 - INFO - rank 计算完成：algorithm=tokenBased, query_count=1, candidate_count=325
2026-04-30 11:50:56 - INFO - 开始处理 candidate 版本：experiment=fix_D_t, algorithm=tokenBased, candidate=sympy-1.12.1, query_count=1
2026-04-30 11:50:56 - INFO - 开始 rank 计算：algorithm=tokenBased, query_count=1, candidate_count=325
2026-04-30 11:50:56 - INFO - rank 子进程配置：algorithm=tokenBased, candidate_count=325, max_workers=80, max_tasks_per_child=2
2026-04-30 11:50:57 - INFO - rank 计算完成：algorithm=tokenBased, query_count=1, candidate_count=325
2026-04-30 11:50:57 - INFO - 开始处理 candidate 版本：experiment=fix_D_t, algorithm=tokenBased, candidate=sympy-1.13.0, query_count=1
2026-04-30 11:50:57 - INFO - 开始 rank 计算：algorithm=tokenBased, query_count=1, candidate_count=326
2026-04-30 11:50:57 - INFO - rank 子进程配置：algorithm=tokenBased, candidate_count=326, max_workers=80, max_tasks_per_child=2
2026-04-30 11:50:59 - INFO - rank 计算完成：algorithm=tokenBased, query_count=1, candidate_count=326
2026-04-30 11:50:59 - INFO - 开始处理 candidate 版本：experiment=fix_D_t, algorithm=tokenBased, candidate=sympy-1.13.1, query_count=1
2026-04-30 11:50:59 - INFO - 开始 rank 计算：algorithm=tokenBased, query_count=1, candidate_count=326
2026-04-30 11:50:59 - INFO - rank 子进程配置：algorithm=tokenBased, candidate_count=326, max_workers=80, max_tasks_per_child=2
2026-04-30 11:51:00 - INFO - rank 计算完成：algorithm=tokenBased, query_count=1, candidate_count=326
2026-04-30 11:51:00 - INFO - 开始处理 candidate 版本：experiment=fix_D_t, algorithm=tokenBased, candidate=sympy-1.13.2, query_count=1
2026-04-30 11:51:00 - INFO - 开始 rank 计算：algorithm=tokenBased, query_count=1, candidate_count=326
2026-04-30 11:51:00 - INFO - rank 子进程配置：algorithm=tokenBased, candidate_count=326, max_workers=80, max_tasks_per_child=2
2026-04-30 11:51:01 - INFO - rank 计算完成：algorithm=tokenBased, query_count=1, candidate_count=326
2026-04-30 11:51:01 - INFO - 开始处理 candidate 版本：experiment=fix_D_t, algorithm=tokenBased, candidate=sympy-1.13.3, query_count=1
2026-04-30 11:51:01 - INFO - 开始 rank 计算：algorithm=tokenBased, query_count=1, candidate_count=326
2026-04-30 11:51:01 - INFO - rank 子进程配置：algorithm=tokenBased, candidate_count=326, max_workers=80, max_tasks_per_child=2
2026-04-30 11:51:02 - INFO - rank 计算完成：algorithm=tokenBased, query_count=1, candidate_count=326
2026-04-30 11:51:02 - INFO - ========================================
2026-04-30 11:51:02 - INFO - 开始处理：experiment=fix_D_t, algorithm=treeBased
2026-04-30 11:51:02 - INFO - ========================================
2026-04-30 11:51:02 - INFO - 开始编译 query：algorithm=treeBased, query=sympy-1.9
2026-04-30 11:51:02 - INFO - query 编译完成：algorithm=treeBased, query=sympy-1.9
2026-04-30 11:51:02 - INFO - 开始处理 candidate 版本：experiment=fix_D_t, algorithm=treeBased, candidate=sympy-1.9, query_count=1
2026-04-30 11:51:02 - INFO - 开始 rank 计算：algorithm=treeBased, query_count=1, candidate_count=322
2026-04-30 11:51:02 - INFO - rank 子进程配置：algorithm=treeBased, candidate_count=322, max_workers=80, max_tasks_per_child=2
2026-04-30 11:51:04 - INFO - rank 计算完成：algorithm=treeBased, query_count=1, candidate_count=322
2026-04-30 11:51:04 - INFO - 开始处理 candidate 版本：experiment=fix_D_t, algorithm=treeBased, candidate=sympy-1.10, query_count=1
2026-04-30 11:51:04 - INFO - 开始 rank 计算：algorithm=treeBased, query_count=1, candidate_count=325
2026-04-30 11:51:04 - INFO - rank 子进程配置：algorithm=treeBased, candidate_count=325, max_workers=80, max_tasks_per_child=2
2026-04-30 11:51:06 - INFO - rank 计算完成：algorithm=treeBased, query_count=1, candidate_count=325
2026-04-30 11:51:06 - INFO - 开始处理 candidate 版本：experiment=fix_D_t, algorithm=treeBased, candidate=sympy-1.10.1, query_count=1
2026-04-30 11:51:06 - INFO - 开始 rank 计算：algorithm=treeBased, query_count=1, candidate_count=325
2026-04-30 11:51:06 - INFO - rank 子进程配置：algorithm=treeBased, candidate_count=325, max_workers=80, max_tasks_per_child=2
2026-04-30 11:51:08 - INFO - rank 计算完成：algorithm=treeBased, query_count=1, candidate_count=325
2026-04-30 11:51:08 - INFO - 开始处理 candidate 版本：experiment=fix_D_t, algorithm=treeBased, candidate=sympy-1.11, query_count=1
2026-04-30 11:51:08 - INFO - 开始 rank 计算：algorithm=treeBased, query_count=1, candidate_count=325
2026-04-30 11:51:08 - INFO - rank 子进程配置：algorithm=treeBased, candidate_count=325, max_workers=80, max_tasks_per_child=2
2026-04-30 11:51:10 - INFO - rank 计算完成：algorithm=treeBased, query_count=1, candidate_count=325
2026-04-30 11:51:10 - INFO - 开始处理 candidate 版本：experiment=fix_D_t, algorithm=treeBased, candidate=sympy-1.11.1, query_count=1
2026-04-30 11:51:10 - INFO - 开始 rank 计算：algorithm=treeBased, query_count=1, candidate_count=325
2026-04-30 11:51:10 - INFO - rank 子进程配置：algorithm=treeBased, candidate_count=325, max_workers=80, max_tasks_per_child=2
2026-04-30 11:51:12 - INFO - rank 计算完成：algorithm=treeBased, query_count=1, candidate_count=325
2026-04-30 11:51:12 - INFO - 开始处理 candidate 版本：experiment=fix_D_t, algorithm=treeBased, candidate=sympy-1.12, query_count=1
2026-04-30 11:51:12 - INFO - 开始 rank 计算：algorithm=treeBased, query_count=1, candidate_count=325
2026-04-30 11:51:12 - INFO - rank 子进程配置：algorithm=treeBased, candidate_count=325, max_workers=80, max_tasks_per_child=2
2026-04-30 11:51:14 - INFO - rank 计算完成：algorithm=treeBased, query_count=1, candidate_count=325
2026-04-30 11:51:14 - INFO - 开始处理 candidate 版本：experiment=fix_D_t, algorithm=treeBased, candidate=sympy-1.12.1, query_count=1
2026-04-30 11:51:14 - INFO - 开始 rank 计算：algorithm=treeBased, query_count=1, candidate_count=325
2026-04-30 11:51:14 - INFO - rank 子进程配置：algorithm=treeBased, candidate_count=325, max_workers=80, max_tasks_per_child=2
2026-04-30 11:51:16 - INFO - rank 计算完成：algorithm=treeBased, query_count=1, candidate_count=325
2026-04-30 11:51:16 - INFO - 开始处理 candidate 版本：experiment=fix_D_t, algorithm=treeBased, candidate=sympy-1.13.0, query_count=1
2026-04-30 11:51:16 - INFO - 开始 rank 计算：algorithm=treeBased, query_count=1, candidate_count=326
2026-04-30 11:51:16 - INFO - rank 子进程配置：algorithm=treeBased, candidate_count=326, max_workers=80, max_tasks_per_child=2
2026-04-30 11:51:18 - INFO - rank 计算完成：algorithm=treeBased, query_count=1, candidate_count=326
2026-04-30 11:51:18 - INFO - 开始处理 candidate 版本：experiment=fix_D_t, algorithm=treeBased, candidate=sympy-1.13.1, query_count=1
2026-04-30 11:51:18 - INFO - 开始 rank 计算：algorithm=treeBased, query_count=1, candidate_count=326
2026-04-30 11:51:18 - INFO - rank 子进程配置：algorithm=treeBased, candidate_count=326, max_workers=80, max_tasks_per_child=2
2026-04-30 11:51:20 - INFO - rank 计算完成：algorithm=treeBased, query_count=1, candidate_count=326
2026-04-30 11:51:20 - INFO - 开始处理 candidate 版本：experiment=fix_D_t, algorithm=treeBased, candidate=sympy-1.13.2, query_count=1
2026-04-30 11:51:20 - INFO - 开始 rank 计算：algorithm=treeBased, query_count=1, candidate_count=326
2026-04-30 11:51:20 - INFO - rank 子进程配置：algorithm=treeBased, candidate_count=326, max_workers=80, max_tasks_per_child=2
2026-04-30 11:51:22 - INFO - rank 计算完成：algorithm=treeBased, query_count=1, candidate_count=326
2026-04-30 11:51:22 - INFO - 开始处理 candidate 版本：experiment=fix_D_t, algorithm=treeBased, candidate=sympy-1.13.3, query_count=1
2026-04-30 11:51:22 - INFO - 开始 rank 计算：algorithm=treeBased, query_count=1, candidate_count=326
2026-04-30 11:51:22 - INFO - rank 子进程配置：algorithm=treeBased, candidate_count=326, max_workers=80, max_tasks_per_child=2
2026-04-30 11:51:24 - INFO - rank 计算完成：algorithm=treeBased, query_count=1, candidate_count=326
2026-04-30 11:51:24 - INFO - ========================================
2026-04-30 11:51:24 - INFO - 开始处理：experiment=fix_D_t, algorithm=mapBased
2026-04-30 11:51:24 - INFO - ========================================
2026-04-30 11:51:24 - INFO - 开始编译 query：algorithm=mapBased, query=sympy-1.9
2026-04-30 11:51:24 - INFO - query 编译完成：algorithm=mapBased, query=sympy-1.9
2026-04-30 11:51:24 - INFO - 开始处理 candidate 版本：experiment=fix_D_t, algorithm=mapBased, candidate=sympy-1.9, query_count=1
2026-04-30 11:51:24 - INFO - 开始 rank 计算：algorithm=mapBased, query_count=1, candidate_count=322
2026-04-30 11:51:24 - INFO - rank 子进程配置：algorithm=mapBased, candidate_count=322, max_workers=80, max_tasks_per_child=2
2026-04-30 11:51:25 - INFO - rank 计算完成：algorithm=mapBased, query_count=1, candidate_count=322
2026-04-30 11:51:25 - INFO - 开始处理 candidate 版本：experiment=fix_D_t, algorithm=mapBased, candidate=sympy-1.10, query_count=1
2026-04-30 11:51:25 - INFO - 开始 rank 计算：algorithm=mapBased, query_count=1, candidate_count=325
2026-04-30 11:51:25 - INFO - rank 子进程配置：algorithm=mapBased, candidate_count=325, max_workers=80, max_tasks_per_child=2
2026-04-30 11:51:26 - INFO - rank 计算完成：algorithm=mapBased, query_count=1, candidate_count=325
2026-04-30 11:51:26 - INFO - 开始处理 candidate 版本：experiment=fix_D_t, algorithm=mapBased, candidate=sympy-1.10.1, query_count=1
2026-04-30 11:51:26 - INFO - 开始 rank 计算：algorithm=mapBased, query_count=1, candidate_count=325
2026-04-30 11:51:26 - INFO - rank 子进程配置：algorithm=mapBased, candidate_count=325, max_workers=80, max_tasks_per_child=2
2026-04-30 11:51:27 - INFO - rank 计算完成：algorithm=mapBased, query_count=1, candidate_count=325
2026-04-30 11:51:27 - INFO - 开始处理 candidate 版本：experiment=fix_D_t, algorithm=mapBased, candidate=sympy-1.11, query_count=1
2026-04-30 11:51:27 - INFO - 开始 rank 计算：algorithm=mapBased, query_count=1, candidate_count=325
2026-04-30 11:51:27 - INFO - rank 子进程配置：algorithm=mapBased, candidate_count=325, max_workers=80, max_tasks_per_child=2
2026-04-30 11:51:29 - INFO - rank 计算完成：algorithm=mapBased, query_count=1, candidate_count=325
2026-04-30 11:51:29 - INFO - 开始处理 candidate 版本：experiment=fix_D_t, algorithm=mapBased, candidate=sympy-1.11.1, query_count=1
2026-04-30 11:51:29 - INFO - 开始 rank 计算：algorithm=mapBased, query_count=1, candidate_count=325
2026-04-30 11:51:29 - INFO - rank 子进程配置：algorithm=mapBased, candidate_count=325, max_workers=80, max_tasks_per_child=2
2026-04-30 11:51:30 - INFO - rank 计算完成：algorithm=mapBased, query_count=1, candidate_count=325
2026-04-30 11:51:30 - INFO - 开始处理 candidate 版本：experiment=fix_D_t, algorithm=mapBased, candidate=sympy-1.12, query_count=1
2026-04-30 11:51:30 - INFO - 开始 rank 计算：algorithm=mapBased, query_count=1, candidate_count=325
2026-04-30 11:51:30 - INFO - rank 子进程配置：algorithm=mapBased, candidate_count=325, max_workers=80, max_tasks_per_child=2
2026-04-30 11:51:31 - INFO - rank 计算完成：algorithm=mapBased, query_count=1, candidate_count=325
2026-04-30 11:51:31 - INFO - 开始处理 candidate 版本：experiment=fix_D_t, algorithm=mapBased, candidate=sympy-1.12.1, query_count=1
2026-04-30 11:51:31 - INFO - 开始 rank 计算：algorithm=mapBased, query_count=1, candidate_count=325
2026-04-30 11:51:31 - INFO - rank 子进程配置：algorithm=mapBased, candidate_count=325, max_workers=80, max_tasks_per_child=2
2026-04-30 11:51:32 - INFO - rank 计算完成：algorithm=mapBased, query_count=1, candidate_count=325
2026-04-30 11:51:32 - INFO - 开始处理 candidate 版本：experiment=fix_D_t, algorithm=mapBased, candidate=sympy-1.13.0, query_count=1
2026-04-30 11:51:32 - INFO - 开始 rank 计算：algorithm=mapBased, query_count=1, candidate_count=326
2026-04-30 11:51:32 - INFO - rank 子进程配置：algorithm=mapBased, candidate_count=326, max_workers=80, max_tasks_per_child=2
2026-04-30 11:51:33 - INFO - rank 计算完成：algorithm=mapBased, query_count=1, candidate_count=326
2026-04-30 11:51:33 - INFO - 开始处理 candidate 版本：experiment=fix_D_t, algorithm=mapBased, candidate=sympy-1.13.1, query_count=1
2026-04-30 11:51:33 - INFO - 开始 rank 计算：algorithm=mapBased, query_count=1, candidate_count=326
2026-04-30 11:51:33 - INFO - rank 子进程配置：algorithm=mapBased, candidate_count=326, max_workers=80, max_tasks_per_child=2
2026-04-30 11:51:35 - INFO - rank 计算完成：algorithm=mapBased, query_count=1, candidate_count=326
2026-04-30 11:51:35 - INFO - 开始处理 candidate 版本：experiment=fix_D_t, algorithm=mapBased, candidate=sympy-1.13.2, query_count=1
2026-04-30 11:51:35 - INFO - 开始 rank 计算：algorithm=mapBased, query_count=1, candidate_count=326
2026-04-30 11:51:35 - INFO - rank 子进程配置：algorithm=mapBased, candidate_count=326, max_workers=80, max_tasks_per_child=2
2026-04-30 11:51:36 - INFO - rank 计算完成：algorithm=mapBased, query_count=1, candidate_count=326
2026-04-30 11:51:36 - INFO - 开始处理 candidate 版本：experiment=fix_D_t, algorithm=mapBased, candidate=sympy-1.13.3, query_count=1
2026-04-30 11:51:36 - INFO - 开始 rank 计算：algorithm=mapBased, query_count=1, candidate_count=326
2026-04-30 11:51:36 - INFO - rank 子进程配置：algorithm=mapBased, candidate_count=326, max_workers=80, max_tasks_per_child=2
2026-04-30 11:51:37 - INFO - rank 计算完成：algorithm=mapBased, query_count=1, candidate_count=326
2026-04-30 11:51:37 - INFO - ========================================
2026-04-30 11:51:37 - INFO - 开始处理：experiment=fix_R, algorithm=tokenBased
2026-04-30 11:51:37 - INFO - ========================================
2026-04-30 11:51:37 - INFO - 开始编译 query：algorithm=tokenBased, query=sympy-0.7.6
2026-04-30 11:51:37 - INFO - query 编译完成：algorithm=tokenBased, query=sympy-0.7.6
2026-04-30 11:51:37 - INFO - 开始编译 query：algorithm=tokenBased, query=sympy-0.7.6.1
2026-04-30 11:51:37 - INFO - query 编译完成：algorithm=tokenBased, query=sympy-0.7.6.1
2026-04-30 11:51:37 - INFO - 开始编译 query：algorithm=tokenBased, query=sympy-1.0
2026-04-30 11:51:37 - INFO - query 编译完成：algorithm=tokenBased, query=sympy-1.0
2026-04-30 11:51:37 - INFO - 开始编译 query：algorithm=tokenBased, query=sympy-1.1
2026-04-30 11:51:37 - INFO - query 编译完成：algorithm=tokenBased, query=sympy-1.1
2026-04-30 11:51:37 - INFO - 开始编译 query：algorithm=tokenBased, query=sympy-1.1.1
2026-04-30 11:51:37 - INFO - query 编译完成：algorithm=tokenBased, query=sympy-1.1.1
2026-04-30 11:51:37 - INFO - 开始编译 query：algorithm=tokenBased, query=sympy-1.2
2026-04-30 11:51:37 - INFO - query 编译完成：algorithm=tokenBased, query=sympy-1.2
2026-04-30 11:51:37 - INFO - 开始编译 query：algorithm=tokenBased, query=sympy-1.3
2026-04-30 11:51:37 - INFO - query 编译完成：algorithm=tokenBased, query=sympy-1.3
2026-04-30 11:51:37 - INFO - 开始编译 query：algorithm=tokenBased, query=sympy-1.4
2026-04-30 11:51:37 - INFO - query 编译完成：algorithm=tokenBased, query=sympy-1.4
2026-04-30 11:51:37 - INFO - 开始编译 query：algorithm=tokenBased, query=sympy-1.5
2026-04-30 11:51:37 - INFO - query 编译完成：algorithm=tokenBased, query=sympy-1.5
2026-04-30 11:51:37 - INFO - 开始编译 query：algorithm=tokenBased, query=sympy-1.5.1
2026-04-30 11:51:37 - INFO - query 编译完成：algorithm=tokenBased, query=sympy-1.5.1
2026-04-30 11:51:37 - INFO - 开始编译 query：algorithm=tokenBased, query=sympy-1.6
2026-04-30 11:51:37 - INFO - query 编译完成：algorithm=tokenBased, query=sympy-1.6
2026-04-30 11:51:37 - INFO - 开始编译 query：algorithm=tokenBased, query=sympy-1.6.1
2026-04-30 11:51:37 - INFO - query 编译完成：algorithm=tokenBased, query=sympy-1.6.1
2026-04-30 11:51:37 - INFO - 开始编译 query：algorithm=tokenBased, query=sympy-1.6.2
2026-04-30 11:51:37 - INFO - query 编译完成：algorithm=tokenBased, query=sympy-1.6.2
2026-04-30 11:51:37 - INFO - 开始编译 query：algorithm=tokenBased, query=sympy-1.7
2026-04-30 11:51:37 - INFO - query 编译完成：algorithm=tokenBased, query=sympy-1.7
2026-04-30 11:51:37 - INFO - 开始编译 query：algorithm=tokenBased, query=sympy-1.7.1
2026-04-30 11:51:37 - INFO - query 编译完成：algorithm=tokenBased, query=sympy-1.7.1
2026-04-30 11:51:37 - INFO - 开始编译 query：algorithm=tokenBased, query=sympy-1.8
2026-04-30 11:51:37 - INFO - query 编译完成：algorithm=tokenBased, query=sympy-1.8
2026-04-30 11:51:37 - INFO - 开始编译 query：algorithm=tokenBased, query=sympy-1.9
2026-04-30 11:51:37 - INFO - query 编译完成：algorithm=tokenBased, query=sympy-1.9
2026-04-30 11:51:37 - INFO - 开始处理 candidate 版本：experiment=fix_R, algorithm=tokenBased, candidate=sympy-1.10, query_count=17
2026-04-30 11:51:37 - INFO - 开始 rank 计算：algorithm=tokenBased, query_count=17, candidate_count=325
2026-04-30 11:51:37 - INFO - rank 子进程配置：algorithm=tokenBased, candidate_count=325, max_workers=80, max_tasks_per_child=2
2026-04-30 11:51:38 - INFO - rank 计算完成：algorithm=tokenBased, query_count=17, candidate_count=325
2026-04-30 11:51:38 - INFO - ========================================
2026-04-30 11:51:38 - INFO - 开始处理：experiment=fix_R, algorithm=treeBased
2026-04-30 11:51:38 - INFO - ========================================
2026-04-30 11:51:38 - INFO - 开始编译 query：algorithm=treeBased, query=sympy-0.7.6
2026-04-30 11:51:38 - INFO - query 编译完成：algorithm=treeBased, query=sympy-0.7.6
2026-04-30 11:51:38 - INFO - 开始编译 query：algorithm=treeBased, query=sympy-0.7.6.1
2026-04-30 11:51:38 - INFO - query 编译完成：algorithm=treeBased, query=sympy-0.7.6.1
2026-04-30 11:51:38 - INFO - 开始编译 query：algorithm=treeBased, query=sympy-1.0
2026-04-30 11:51:38 - INFO - query 编译完成：algorithm=treeBased, query=sympy-1.0
2026-04-30 11:51:38 - INFO - 开始编译 query：algorithm=treeBased, query=sympy-1.1
2026-04-30 11:51:38 - INFO - query 编译完成：algorithm=treeBased, query=sympy-1.1
2026-04-30 11:51:38 - INFO - 开始编译 query：algorithm=treeBased, query=sympy-1.1.1
2026-04-30 11:51:38 - INFO - query 编译完成：algorithm=treeBased, query=sympy-1.1.1
2026-04-30 11:51:38 - INFO - 开始编译 query：algorithm=treeBased, query=sympy-1.2
2026-04-30 11:51:38 - INFO - query 编译完成：algorithm=treeBased, query=sympy-1.2
2026-04-30 11:51:38 - INFO - 开始编译 query：algorithm=treeBased, query=sympy-1.3
2026-04-30 11:51:38 - INFO - query 编译完成：algorithm=treeBased, query=sympy-1.3
2026-04-30 11:51:38 - INFO - 开始编译 query：algorithm=treeBased, query=sympy-1.4
2026-04-30 11:51:38 - INFO - query 编译完成：algorithm=treeBased, query=sympy-1.4
2026-04-30 11:51:38 - INFO - 开始编译 query：algorithm=treeBased, query=sympy-1.5
2026-04-30 11:51:38 - INFO - query 编译完成：algorithm=treeBased, query=sympy-1.5
2026-04-30 11:51:38 - INFO - 开始编译 query：algorithm=treeBased, query=sympy-1.5.1
2026-04-30 11:51:38 - INFO - query 编译完成：algorithm=treeBased, query=sympy-1.5.1
2026-04-30 11:51:38 - INFO - 开始编译 query：algorithm=treeBased, query=sympy-1.6
2026-04-30 11:51:38 - INFO - query 编译完成：algorithm=treeBased, query=sympy-1.6
2026-04-30 11:51:38 - INFO - 开始编译 query：algorithm=treeBased, query=sympy-1.6.1
2026-04-30 11:51:38 - INFO - query 编译完成：algorithm=treeBased, query=sympy-1.6.1
2026-04-30 11:51:38 - INFO - 开始编译 query：algorithm=treeBased, query=sympy-1.6.2
2026-04-30 11:51:38 - INFO - query 编译完成：algorithm=treeBased, query=sympy-1.6.2
2026-04-30 11:51:38 - INFO - 开始编译 query：algorithm=treeBased, query=sympy-1.7
2026-04-30 11:51:38 - INFO - query 编译完成：algorithm=treeBased, query=sympy-1.7
2026-04-30 11:51:38 - INFO - 开始编译 query：algorithm=treeBased, query=sympy-1.7.1
2026-04-30 11:51:38 - INFO - query 编译完成：algorithm=treeBased, query=sympy-1.7.1
2026-04-30 11:51:38 - INFO - 开始编译 query：algorithm=treeBased, query=sympy-1.8
2026-04-30 11:51:38 - INFO - query 编译完成：algorithm=treeBased, query=sympy-1.8
2026-04-30 11:51:38 - INFO - 开始编译 query：algorithm=treeBased, query=sympy-1.9
2026-04-30 11:51:38 - INFO - query 编译完成：algorithm=treeBased, query=sympy-1.9
2026-04-30 11:51:38 - INFO - 开始处理 candidate 版本：experiment=fix_R, algorithm=treeBased, candidate=sympy-1.10, query_count=17
2026-04-30 11:51:38 - INFO - 开始 rank 计算：algorithm=treeBased, query_count=17, candidate_count=325
2026-04-30 11:51:38 - INFO - rank 子进程配置：algorithm=treeBased, candidate_count=325, max_workers=80, max_tasks_per_child=2
2026-04-30 11:51:58 - INFO - rank 计算完成：algorithm=treeBased, query_count=17, candidate_count=325
2026-04-30 11:51:58 - INFO - ========================================
2026-04-30 11:51:58 - INFO - 开始处理：experiment=fix_R, algorithm=mapBased
2026-04-30 11:51:58 - INFO - ========================================
2026-04-30 11:51:58 - INFO - 开始编译 query：algorithm=mapBased, query=sympy-0.7.6
2026-04-30 11:51:58 - INFO - query 编译完成：algorithm=mapBased, query=sympy-0.7.6
2026-04-30 11:51:58 - INFO - 开始编译 query：algorithm=mapBased, query=sympy-0.7.6.1
2026-04-30 11:51:58 - INFO - query 编译完成：algorithm=mapBased, query=sympy-0.7.6.1
2026-04-30 11:51:58 - INFO - 开始编译 query：algorithm=mapBased, query=sympy-1.0
2026-04-30 11:51:58 - INFO - query 编译完成：algorithm=mapBased, query=sympy-1.0
2026-04-30 11:51:58 - INFO - 开始编译 query：algorithm=mapBased, query=sympy-1.1
2026-04-30 11:51:58 - INFO - query 编译完成：algorithm=mapBased, query=sympy-1.1
2026-04-30 11:51:58 - INFO - 开始编译 query：algorithm=mapBased, query=sympy-1.1.1
2026-04-30 11:51:58 - INFO - query 编译完成：algorithm=mapBased, query=sympy-1.1.1
2026-04-30 11:51:58 - INFO - 开始编译 query：algorithm=mapBased, query=sympy-1.2
2026-04-30 11:51:58 - INFO - query 编译完成：algorithm=mapBased, query=sympy-1.2
2026-04-30 11:51:58 - INFO - 开始编译 query：algorithm=mapBased, query=sympy-1.3
2026-04-30 11:51:58 - INFO - query 编译完成：algorithm=mapBased, query=sympy-1.3
2026-04-30 11:51:58 - INFO - 开始编译 query：algorithm=mapBased, query=sympy-1.4
2026-04-30 11:51:58 - INFO - query 编译完成：algorithm=mapBased, query=sympy-1.4
2026-04-30 11:51:58 - INFO - 开始编译 query：algorithm=mapBased, query=sympy-1.5
2026-04-30 11:51:58 - INFO - query 编译完成：algorithm=mapBased, query=sympy-1.5
2026-04-30 11:51:58 - INFO - 开始编译 query：algorithm=mapBased, query=sympy-1.5.1
2026-04-30 11:51:58 - INFO - query 编译完成：algorithm=mapBased, query=sympy-1.5.1
2026-04-30 11:51:58 - INFO - 开始编译 query：algorithm=mapBased, query=sympy-1.6
2026-04-30 11:51:58 - INFO - query 编译完成：algorithm=mapBased, query=sympy-1.6
2026-04-30 11:51:58 - INFO - 开始编译 query：algorithm=mapBased, query=sympy-1.6.1
2026-04-30 11:51:58 - INFO - query 编译完成：algorithm=mapBased, query=sympy-1.6.1
2026-04-30 11:51:58 - INFO - 开始编译 query：algorithm=mapBased, query=sympy-1.6.2
2026-04-30 11:51:58 - INFO - query 编译完成：algorithm=mapBased, query=sympy-1.6.2
2026-04-30 11:51:58 - INFO - 开始编译 query：algorithm=mapBased, query=sympy-1.7
2026-04-30 11:51:58 - INFO - query 编译完成：algorithm=mapBased, query=sympy-1.7
2026-04-30 11:51:58 - INFO - 开始编译 query：algorithm=mapBased, query=sympy-1.7.1
2026-04-30 11:51:58 - INFO - query 编译完成：algorithm=mapBased, query=sympy-1.7.1
2026-04-30 11:51:58 - INFO - 开始编译 query：algorithm=mapBased, query=sympy-1.8
2026-04-30 11:51:58 - INFO - query 编译完成：algorithm=mapBased, query=sympy-1.8
2026-04-30 11:51:58 - INFO - 开始编译 query：algorithm=mapBased, query=sympy-1.9
2026-04-30 11:51:58 - INFO - query 编译完成：algorithm=mapBased, query=sympy-1.9
2026-04-30 11:51:58 - INFO - 开始处理 candidate 版本：experiment=fix_R, algorithm=mapBased, candidate=sympy-1.10, query_count=17
2026-04-30 11:51:58 - INFO - 开始 rank 计算：algorithm=mapBased, query_count=17, candidate_count=325
2026-04-30 11:51:58 - INFO - rank 子进程配置：algorithm=mapBased, candidate_count=325, max_workers=80, max_tasks_per_child=2
2026-04-30 11:51:59 - INFO - rank 计算完成：algorithm=mapBased, query_count=17, candidate_count=325
